rm -rf ./build
mkdir -p build/./src/
gcc -I./include -L/nix/store/m9fycbkaairz8kampnsl7sx1aanvl0db-gmp-with-cxx-6.3.0/lib -MMD -MP -fPIC -g -lpthread -lgmp   -c src/main.c -o build/./src/main.c.o
mkdir -p build/./src/
gcc -I./include -L/nix/store/m9fycbkaairz8kampnsl7sx1aanvl0db-gmp-with-cxx-6.3.0/lib -MMD -MP -fPIC -g -lpthread -lgmp   -c src/turing_threading.c -o build/./src/turing_threading.c.o
mkdir -p build/./src/
gcc -I./include -L/nix/store/m9fycbkaairz8kampnsl7sx1aanvl0db-gmp-with-cxx-6.3.0/lib -MMD -MP -fPIC -g -lpthread -lgmp   -c src/turing_enumerate.c -o build/./src/turing_enumerate.c.o
mkdir -p build/./src/
gcc -I./include -L/nix/store/m9fycbkaairz8kampnsl7sx1aanvl0db-gmp-with-cxx-6.3.0/lib -MMD -MP -fPIC -g -lpthread -lgmp   -c src/turing_sim.c -o build/./src/turing_sim.c.o
mkdir -p build/./src/
gcc -I./include -L/nix/store/m9fycbkaairz8kampnsl7sx1aanvl0db-gmp-with-cxx-6.3.0/lib -MMD -MP -fPIC -g -lpthread -lgmp   -c src/hashmap.c -o build/./src/hashmap.c.o
mkdir -p build/./src/
gcc -I./include -L/nix/store/m9fycbkaairz8kampnsl7sx1aanvl0db-gmp-with-cxx-6.3.0/lib -MMD -MP -fPIC -g -lpthread -lgmp   -c src/turing_tests.c -o build/./src/turing_tests.c.o
mkdir -p build/./src/
gcc -I./include -L/nix/store/m9fycbkaairz8kampnsl7sx1aanvl0db-gmp-with-cxx-6.3.0/lib -MMD -MP -fPIC -g -lpthread -lgmp   -c src/turing_mapping.c -o build/./src/turing_mapping.c.o
g++ ./build/./src/main.c.o ./build/./src/turing_threading.c.o ./build/./src/turing_enumerate.c.o ./build/./src/turing_sim.c.o ./build/./src/hashmap.c.o ./build/./src/turing_tests.c.o ./build/./src/turing_mapping.c.o -g -o build/turing -L/nix/store/m9fycbkaairz8kampnsl7sx1aanvl0db-gmp-with-cxx-6.3.0/lib -lgmp 
g++ ./build/./src/main.c.o ./build/./src/turing_threading.c.o ./build/./src/turing_enumerate.c.o ./build/./src/turing_sim.c.o ./build/./src/hashmap.c.o ./build/./src/turing_tests.c.o ./build/./src/turing_mapping.c.o -fPIC -rdynamic -shared -Lstatic -o build/turing.so -L/nix/store/m9fycbkaairz8kampnsl7sx1aanvl0db-gmp-with-cxx-6.3.0/lib -lgmp 
./build/turing
10 / 7 = 1

hello turing

main pthread_self() 59299648
sizeof(tm_slice_counter_t) 32
sizeof(tape_slice_t) 16

Running all tests.
    Turing Sim Tests
        PASS 'bb5 load&run'
        PASS 'bb4 load&run'
        PASS 'bb4 tape slice compare'
        PASS 'random tape test'
        PASS 'counting 3 state machines bruteforce'
        PASS 'number of 3 state machines'
    Turing Mapping Tests
11 9 5 12 3 17 19 6 
(1 1 2)(1 0 2)_(1 0 1)(0 0 3)_(1 1 0)(1 0 4)_(1 1 4)(0 1 1)
        FAILED 'bb4 table->digits'
        FAILED 'bb4 digits->index'
        PASS 'bb4 index->digits'
        FAILED 'bb4 digits->table'
        PASS '2 states: table incrementing == index incrementing'
        PASS '1 states: table incrementing == index incrementing'
    Turing Enumeration Tests
Testing complete.

running enumeration
    states 1
    max_steps 300
    randomIters 100000
    startIndex 0
    indexesConsidered 65
    workthreads 4

thread job 2:
    states 1
    max_steps thread job 1:
    states 1
    max_steps 300
    randomIters 100000
    startIndex 0
    indexesConsidered 17

300
    randomIters 100000
    startIndex 34
    indexesConsidered 17

thread job 3:
    states 1
    max_steps thread job 4:
    states 1
    max_steps 300
    randomIters 100000
    startIndex 17
    indexesConsidered 17300
    randomIters 
100000

    startIndex 51
    indexesConsidered 17

thread id 4, exiting thread...
thread id 3, exiting thread...
thread id 2, exiting thread...
thread id 1, exiting thread...
merge and destroy
total counted strings: 4800064
0111111111
lengthstr 10, count 392, freq 0.000082

100000
lengthstr 6, count 6274, freq 0.001307

11111
lengthstr 5, count 25026, freq 0.005214

000000000001
lengthstr 12, count 80, freq 0.000017

100000000000000
lengthstr 15, count 12, freq 0.000002

1000000000000
lengthstr 13, count 52, freq 0.000011

1000000000000000
lengthstr 16, count 6, freq 0.000001

1111110
lengthstr 7, count 3102, freq 0.000646

0000000000
lengthstr 10, count 812, freq 0.000169

11110
lengthstr 5, count 12524, freq 0.002609

1111111111111111111
lengthstr 19, count 4, freq 0.000001

00001
lengthstr 5, count 12524, freq 0.002609

10000000000
lengthstr 11, count 202, freq 0.000042

1111111111
lengthstr 10, count 812, freq 0.000169

01111111
lengthstr 8, count 1598, freq 0.000333

001
lengthstr 3, count 50002, freq 0.010417

11111111111110
lengthstr 14, count 20, freq 0.000004

011
lengthstr 3, count 50006, freq 0.010418

11111111111
lengthstr 11, count 372, freq 0.000077

00000001
lengthstr 8, count 1530, freq 0.000319

1111111111111111
lengthstr 16, count 10, freq 0.000002

111111111111110
lengthstr 15, count 4, freq 0.000001

0000001
lengthstr 7, count 3102, freq 0.000646

11111111
lengthstr 8, count 3128, freq 0.000652

1111111
lengthstr 7, count 6222, freq 0.001296

1110
lengthstr 4, count 24990, freq 0.005206

0000000001
lengthstr 10, count 420, freq 0.000087

00000000001
lengthstr 11, count 170, freq 0.000035

11111111111111
lengthstr 14, count 48, freq 0.000010

00000000000
lengthstr 11, count 372, freq 0.000077

111111111111
lengthstr 12, count 170, freq 0.000035

1111
lengthstr 4, count 49970, freq 0.010410

0000000000000
lengthstr 13, count 92, freq 0.000019

111111
lengthstr 6, count 12538, freq 0.002612

10000000
lengthstr 8, count 1598, freq 0.000333

0111
lengthstr 4, count 24980, freq 0.005204

00000000000000000
lengthstr 17, count 10, freq 0.000002

011111111111111111
lengthstr 18, count 2, freq 0.000000

0000000000000000
lengthstr 16, count 10, freq 0.000002

1111111110
lengthstr 10, count 420, freq 0.000087

0000
lengthstr 4, count 49970, freq 0.010410

10000000000000
lengthstr 14, count 28, freq 0.000006

0111111111111111
lengthstr 16, count 6, freq 0.000001

011111
lengthstr 6, count 6274, freq 0.001307

01111111111
lengthstr 11, count 202, freq 0.000042

011111111111111
lengthstr 15, count 12, freq 0.000002

1000
lengthstr 4, count 24980, freq 0.005204

0001
lengthstr 4, count 24990, freq 0.005206

000000000000
lengthstr 12, count 170, freq 0.000035

1000000
lengthstr 7, count 3120, freq 0.000650

01111
lengthstr 5, count 12502, freq 0.002605

10000000000000000
lengthstr 17, count 4, freq 0.000001

1000000000000000000
lengthstr 19, count 4, freq 0.000001

1000000000
lengthstr 10, count 392, freq 0.000082

00000000000001
lengthstr 14, count 20, freq 0.000004

11111111111111110
lengthstr 17, count 6, freq 0.000001

000000000000001
lengthstr 15, count 4, freq 0.000001

11111110
lengthstr 8, count 1530, freq 0.000319

1111111111111
lengthstr 13, count 92, freq 0.000019

110
lengthstr 3, count 50002, freq 0.010417

111111111111111
lengthstr 15, count 16, freq 0.000003

000000000
lengthstr 9, count 1592, freq 0.000332

0111111111111
lengthstr 13, count 52, freq 0.000011

100000000000000000
lengthstr 18, count 2, freq 0.000000

10
lengthstr 2, count 199980, freq 0.041662

01111111111111111
lengthstr 17, count 4, freq 0.000001

1111111111111110
lengthstr 16, count 4, freq 0.000001

0000000000000000000
lengthstr 19, count 4, freq 0.000001

10000
lengthstr 5, count 12502, freq 0.002605

011111111111
lengthstr 12, count 90, freq 0.000019

000
lengthstr 3, count 100008, freq 0.020835

00000000000000001
lengthstr 17, count 6, freq 0.000001

111111111
lengthstr 9, count 1592, freq 0.000332

100000000000
lengthstr 12, count 90, freq 0.000019

000000
lengthstr 6, count 12538, freq 0.002612

1111111111110
lengthstr 13, count 40, freq 0.000008

0
lengthstr 1, count 1600032, freq 0.333336

00
lengthstr 2, count 199980, freq 0.041662

111111111110
lengthstr 12, count 80, freq 0.000017

1
lengthstr 1, count 1600032, freq 0.333336

111110
lengthstr 6, count 6264, freq 0.001305

0000000000000001
lengthstr 16, count 4, freq 0.000001

11111111111111111
lengthstr 17, count 10, freq 0.000002

0111111
lengthstr 7, count 3120, freq 0.000650

11
lengthstr 2, count 199980, freq 0.041662

100
lengthstr 3, count 50006, freq 0.010418

011111111
lengthstr 9, count 728, freq 0.000152

00000000000000
lengthstr 14, count 48, freq 0.000010

000000000000000
lengthstr 15, count 16, freq 0.000003

0111111111111111111
lengthstr 19, count 4, freq 0.000001

00000000
lengthstr 8, count 3128, freq 0.000652

11111111110
lengthstr 11, count 170, freq 0.000035

111111111111111111
lengthstr 18, count 2, freq 0.000000

000000001
lengthstr 9, count 864, freq 0.000180

111111110
lengthstr 9, count 864, freq 0.000180

00000
lengthstr 5, count 25026, freq 0.005214

01111111111111
lengthstr 14, count 28, freq 0.000006

0000000
lengthstr 7, count 6222, freq 0.001296

0000000000001
lengthstr 13, count 40, freq 0.000008

000001
lengthstr 6, count 6264, freq 0.001305

01
lengthstr 2, count 199980, freq 0.041662

111
lengthstr 3, count 100008, freq 0.020835

000000000000000000
lengthstr 18, count 2, freq 0.000000

100000000
lengthstr 9, count 728, freq 0.000152

done
